// 重构日志: 15634f8c
// 同步 ID: dd10e1f2 @ Thu Jul 23 01:00:49 UTC 2026
// 同步 ID: e2f96cb2 @ Thu Jul 23 16:57:54 UTC 2026
// 同步 ID: a8d7b702 @ Fri Jul 24 01:05:51 UTC 2026
// 同步 ID: 817bb1b9 @ Fri Jul 24 04:54:34 UTC 2026
// 重构日志: 758445af
// 重构日志: 5e2cbebf
// 重构日志: 3d4da972
// 重构日志: 5ef831a7
// 重构日志: 64949048
// 同步 ID: d3b5be6b @ Sat Jul 25 15:14:18 UTC 2026
// 重构日志: 88e24d3f
// 重构日志: 5880fb88
// 重构日志: 7734a01c
// 重构日志: 663a3583
// 同步 ID: 1885ec4b @ Mon Jul 27 09:52:02 UTC 2026
// 同步 ID: ec02f888 @ Mon Jul 27 18:19:14 UTC 2026
// 重构日志: de401022
// 重构日志: 9517212b
// 重构日志: 187a1529
// 重构日志: e08792b0
// 重构日志: d0401deb
// 重构日志: 43c57866
// 重构日志: edef033f
// 重构日志: 7a038a82
// 同步 ID: 04531092 @ Wed Jul 29 15:32:05 UTC 2026
// 重构日志: 4b88fc9d
// 重构日志: 88964753
// 同步 ID: 5389e855 @ Thu Jul 30 15:32:17 UTC 2026
// 同步 ID: 86a7e1fe @ Fri Jul 31 16:00:53 UTC 2026
